2002.06.05 16:21 B C:\Documents and Settings\Veerabhadran\My Documents\Research\Psplines\Matlab_Progs\Constant Variance Function\functions\srs\addbasis.m --> stat.tamu.edu /home/grad/veera/research/spline/pspline/paper/srs addbasis.m
2002.06.05 16:21 B C:\Documents and Settings\Veerabhadran\My Documents\Research\Psplines\Matlab_Progs\Constant Variance Function\functions\srs\addbasis01.m --> stat.tamu.edu /home/grad/veera/research/spline/pspline/paper/srs addbasis01.m
2002.06.05 16:21 B C:\Documents and Settings\Veerabhadran\My Documents\Research\Psplines\Matlab_Progs\Constant Variance Function\functions\srs\addgrid.m --> stat.tamu.edu /home/grad/veera/research/spline/pspline/paper/srs addgrid.m
2002.06.05 16:21 B C:\Documents and Settings\Veerabhadran\My Documents\Research\Psplines\Matlab_Progs\Constant Variance Function\functions\srs\addgrid.m% --> stat.tamu.edu /home/grad/veera/research/spline/pspline/paper/srs addgrid.m%
2002.06.05 16:21 B C:\Documents and Settings\Veerabhadran\My Documents\Research\Psplines\Matlab_Progs\Constant Variance Function\functions\srs\arma.m --> stat.tamu.edu /home/grad/veera/research/spline/pspline/paper/srs arma.m
2002.06.05 16:21 B C:\Documents and Settings\Veerabhadran\My Documents\Research\Psplines\Matlab_Progs\Constant Variance Function\functions\srs\arma.m% --> stat.tamu.edu /home/grad/veera/research/spline/pspline/paper/srs arma.m%
2002.06.05 16:21 B C:\Documents and Settings\Veerabhadran\My Documents\Research\Psplines\Matlab_Progs\Constant Variance Function\functions\srs\autocorr.m --> stat.tamu.edu /home/grad/veera/research/spline/pspline/paper/srs autocorr.m
2002.06.05 16:21 B C:\Documents and Settings\Veerabhadran\My Documents\Research\Psplines\Matlab_Progs\Constant Variance Function\functions\srs\autocorr.m% --> stat.tamu.edu /home/grad/veera/research/spline/pspline/paper/srs autocorr.m%
2002.06.05 16:21 B C:\Documents and Settings\Veerabhadran\My Documents\Research\Psplines\Matlab_Progs\Constant Variance Function\functions\srs\besselp.m --> stat.tamu.edu /home/grad/veera/research/spline/pspline/paper/srs besselp.m
2002.06.05 16:21 B C:\Documents and Settings\Veerabhadran\My Documents\Research\Psplines\Matlab_Progs\Constant Variance Function\functions\srs\binning.m --> stat.tamu.edu /home/grad/veera/research/spline/pspline/paper/srs binning.m
2002.06.05 16:21 B C:\Documents and Settings\Veerabhadran\My Documents\Research\Psplines\Matlab_Progs\Constant Variance Function\functions\srs\blank.m --> stat.tamu.edu /home/grad/veera/research/spline/pspline/paper/srs blank.m
2002.06.05 16:21 B C:\Documents and Settings\Veerabhadran\My Documents\Research\Psplines\Matlab_Progs\Constant Variance Function\functions\srs\bootcvband.m --> stat.tamu.edu /home/grad/veera/research/spline/pspline/paper/srs bootcvband.m
2002.06.05 16:21 B C:\Documents and Settings\Veerabhadran\My Documents\Research\Psplines\Matlab_Progs\Constant Variance Function\functions\srs\bootcvband.m% --> stat.tamu.edu /home/grad/veera/research/spline/pspline/paper/srs bootcvband.m%
2002.06.05 16:21 B C:\Documents and Settings\Veerabhadran\My Documents\Research\Psplines\Matlab_Progs\Constant Variance Function\functions\srs\bootstrap.m --> stat.tamu.edu /home/grad/veera/research/spline/pspline/paper/srs bootstrap.m
2002.06.05 16:21 B C:\Documents and Settings\Veerabhadran\My Documents\Research\Psplines\Matlab_Progs\Constant Variance Function\functions\srs\boxcox.m --> stat.tamu.edu /home/grad/veera/research/spline/pspline/paper/srs boxcox.m
2002.06.05 16:21 B C:\Documents and Settings\Veerabhadran\My Documents\Research\Psplines\Matlab_Progs\Constant Variance Function\functions\srs\boxcox.m% --> stat.tamu.edu /home/grad/veera/research/spline/pspline/paper/srs boxcox.m%
2002.06.05 16:21 B C:\Documents and Settings\Veerabhadran\My Documents\Research\Psplines\Matlab_Progs\Constant Variance Function\functions\srs\boxcoxinv.m --> stat.tamu.edu /home/grad/veera/research/spline/pspline/paper/srs boxcoxinv.m
2002.06.05 16:21 B C:\Documents and Settings\Veerabhadran\My Documents\Research\Psplines\Matlab_Progs\Constant Variance Function\functions\srs\boxcoxinv.m% --> stat.tamu.edu /home/grad/veera/research/spline/pspline/paper/srs boxcoxinv.m%
2002.06.05 16:21 B C:\Documents and Settings\Veerabhadran\My Documents\Research\Psplines\Matlab_Progs\Constant Variance Function\functions\srs\BoxCoxReg01.m --> stat.tamu.edu /home/grad/veera/research/spline/pspline/paper/srs BoxCoxReg01.m
2002.06.05 16:21 B C:\Documents and Settings\Veerabhadran\My Documents\Research\Psplines\Matlab_Progs\Constant Variance Function\functions\srs\BoxCoxReg01.m% --> stat.tamu.edu /home/grad/veera/research/spline/pspline/paper/srs BoxCoxReg01.m%
2002.06.05 16:21 B C:\Documents and Settings\Veerabhadran\My Documents\Research\Psplines\Matlab_Progs\Constant Variance Function\functions\srs\boxtiao.m --> stat.tamu.edu /home/grad/veera/research/spline/pspline/paper/srs boxtiao.m
2002.06.05 16:21 B C:\Documents and Settings\Veerabhadran\My Documents\Research\Psplines\Matlab_Progs\Constant Variance Function\functions\srs\boxtiao.m% --> stat.tamu.edu /home/grad/veera/research/spline/pspline/paper/srs boxtiao.m%
2002.06.05 16:21 B C:\Documents and Settings\Veerabhadran\My Documents\Research\Psplines\Matlab_Progs\Constant Variance Function\functions\srs\bspan.m --> stat.tamu.edu /home/grad/veera/research/spline/pspline/paper/srs bspan.m
2002.06.05 16:21 B C:\Documents and Settings\Veerabhadran\My Documents\Research\Psplines\Matlab_Progs\Constant Variance Function\functions\srs\bspan.m% --> stat.tamu.edu /home/grad/veera/research/spline/pspline/paper/srs bspan.m%
2002.06.05 16:21 B C:\Documents and Settings\Veerabhadran\My Documents\Research\Psplines\Matlab_Progs\Constant Variance Function\functions\srs\bspanbi.m --> stat.tamu.edu /home/grad/veera/research/spline/pspline/paper/srs bspanbi.m
2002.06.05 16:21 B C:\Documents and Settings\Veerabhadran\My Documents\Research\Psplines\Matlab_Progs\Constant Variance Function\functions\srs\bspline.m --> stat.tamu.edu /home/grad/veera/research/spline/pspline/paper/srs bspline.m
2002.06.05 16:21 B C:\Documents and Settings\Veerabhadran\My Documents\Research\Psplines\Matlab_Progs\Constant Variance Function\functions\srs\build_OUT.m --> stat.tamu.edu /home/grad/veera/research/spline/pspline/paper/srs build_OUT.m
2002.06.05 16:21 B C:\Documents and Settings\Veerabhadran\My Documents\Research\Psplines\Matlab_Progs\Constant Variance Function\functions\srs\cdfn.m --> stat.tamu.edu /home/grad/veera/research/spline/pspline/paper/srs cdfn.m
2002.06.05 16:21 B C:\Documents and Settings\Veerabhadran\My Documents\Research\Psplines\Matlab_Progs\Constant Variance Function\functions\srs\cdfpois.m --> stat.tamu.edu /home/grad/veera/research/spline/pspline/paper/srs cdfpois.m
2002.06.05 16:21 B C:\Documents and Settings\Veerabhadran\My Documents\Research\Psplines\Matlab_Progs\Constant Variance Function\functions\srs\changed.ps --> stat.tamu.edu /home/grad/veera/research/spline/pspline/paper/srs changed.ps
2002.06.05 16:21 B C:\Documents and Settings\Veerabhadran\My Documents\Research\Psplines\Matlab_Progs\Constant Variance Function\functions\srs\cols.m --> stat.tamu.edu /home/grad/veera/research/spline/pspline/paper/srs cols.m
2002.06.05 16:21 B C:\Documents and Settings\Veerabhadran\My Documents\Research\Psplines\Matlab_Progs\Constant Variance Function\functions\srs\constants.m --> stat.tamu.edu /home/grad/veera/research/spline/pspline/paper/srs constants.m
2002.06.05 16:21 B C:\Documents and Settings\Veerabhadran\My Documents\Research\Psplines\Matlab_Progs\Constant Variance Function\functions\srs\covariogram.m --> stat.tamu.edu /home/grad/veera/research/spline/pspline/paper/srs covariogram.m
2002.06.05 16:21 B C:\Documents and Settings\Veerabhadran\My Documents\Research\Psplines\Matlab_Progs\Constant Variance Function\functions\srs\cvband.m --> stat.tamu.edu /home/grad/veera/research/spline/pspline/paper/srs cvband.m
2002.06.05 16:21 B C:\Documents and Settings\Veerabhadran\My Documents\Research\Psplines\Matlab_Progs\Constant Variance Function\functions\srs\cvband.m% --> stat.tamu.edu /home/grad/veera/research/spline/pspline/paper/srs cvband.m%
2002.06.05 16:21 B C:\Documents and Settings\Veerabhadran\My Documents\Research\Psplines\Matlab_Progs\Constant Variance Function\functions\srs\cvband01.m --> stat.tamu.edu /home/grad/veera/research/spline/pspline/paper/srs cvband01.m
2002.06.05 16:21 B C:\Documents and Settings\Veerabhadran\My Documents\Research\Psplines\Matlab_Progs\Constant Variance Function\functions\srs\cvband01.m% --> stat.tamu.edu /home/grad/veera/research/spline/pspline/paper/srs cvband01.m%
2002.06.05 16:21 B C:\Documents and Settings\Veerabhadran\My Documents\Research\Psplines\Matlab_Progs\Constant Variance Function\functions\srs\data.m --> stat.tamu.edu /home/grad/veera/research/spline/pspline/paper/srs data.m
2002.06.05 16:21 B C:\Documents and Settings\Veerabhadran\My Documents\Research\Psplines\Matlab_Progs\Constant Variance Function\functions\srs\diffspline.m --> stat.tamu.edu /home/grad/veera/research/spline/pspline/paper/srs diffspline.m
2002.06.05 16:21 B C:\Documents and Settings\Veerabhadran\My Documents\Research\Psplines\Matlab_Progs\Constant Variance Function\functions\srs\diffspline.m% --> stat.tamu.edu /home/grad/veera/research/spline/pspline/paper/srs diffspline.m%
2002.06.05 16:21 B C:\Documents and Settings\Veerabhadran\My Documents\Research\Psplines\Matlab_Progs\Constant Variance Function\functions\srs\ebbs.zip --> stat.tamu.edu /home/grad/veera/research/spline/pspline/paper/srs ebbs.zip
2002.06.05 16:21 B C:\Documents and Settings\Veerabhadran\My Documents\Research\Psplines\Matlab_Progs\Constant Variance Function\functions\srs\epan.m --> stat.tamu.edu /home/grad/veera/research/spline/pspline/paper/srs epan.m
2002.06.05 16:21 B C:\Documents and Settings\Veerabhadran\My Documents\Research\Psplines\Matlab_Progs\Constant Variance Function\functions\srs\fact.m --> stat.tamu.edu /home/grad/veera/research/spline/pspline/paper/srs fact.m
2002.06.05 16:21 B C:\Documents and Settings\Veerabhadran\My Documents\Research\Psplines\Matlab_Progs\Constant Variance Function\functions\srs\fastspam.m --> stat.tamu.edu /home/grad/veera/research/spline/pspline/paper/srs fastspam.m
2002.06.05 16:21 B C:\Documents and Settings\Veerabhadran\My Documents\Research\Psplines\Matlab_Progs\Constant Variance Function\functions\srs\fastspam.m% --> stat.tamu.edu /home/grad/veera/research/spline/pspline/paper/srs fastspam.m%
2002.06.05 16:21 B C:\Documents and Settings\Veerabhadran\My Documents\Research\Psplines\Matlab_Progs\Constant Variance Function\functions\srs\GadMM02.m --> stat.tamu.edu /home/grad/veera/research/spline/pspline/paper/srs GadMM02.m
2002.06.05 16:21 B C:\Documents and Settings\Veerabhadran\My Documents\Research\Psplines\Matlab_Progs\Constant Variance Function\functions\srs\GadMM02.m% --> stat.tamu.edu /home/grad/veera/research/spline/pspline/paper/srs GadMM02.m%
2002.06.05 16:21 B C:\Documents and Settings\Veerabhadran\My Documents\Research\Psplines\Matlab_Progs\Constant Variance Function\functions\srs\gcv.m --> stat.tamu.edu /home/grad/veera/research/spline/pspline/paper/srs gcv.m
2002.06.05 16:22 B C:\Documents and Settings\Veerabhadran\My Documents\Research\Psplines\Matlab_Progs\Constant Variance Function\functions\srs\gcv.m% --> stat.tamu.edu /home/grad/veera/research/spline/pspline/paper/srs gcv.m%
2002.06.05 16:22 B C:\Documents and Settings\Veerabhadran\My Documents\Research\Psplines\Matlab_Progs\Constant Variance Function\functions\srs\gcvtest.m --> stat.tamu.edu /home/grad/veera/research/spline/pspline/paper/srs gcvtest.m
2002.06.05 16:22 B C:\Documents and Settings\Veerabhadran\My Documents\Research\Psplines\Matlab_Progs\Constant Variance Function\functions\srs\gcvtest_old.m --> stat.tamu.edu /home/grad/veera/research/spline/pspline/paper/srs gcvtest_old.m
2002.06.05 16:22 B C:\Documents and Settings\Veerabhadran\My Documents\Research\Psplines\Matlab_Progs\Constant Variance Function\functions\srs\geomean.m --> stat.tamu.edu /home/grad/veera/research/spline/pspline/paper/srs geomean.m
2002.06.05 16:22 B C:\Documents and Settings\Veerabhadran\My Documents\Research\Psplines\Matlab_Progs\Constant Variance Function\functions\srs\grad.m --> stat.tamu.edu /home/grad/veera/research/spline/pspline/paper/srs grad.m
2002.06.05 16:22 B C:\Documents and Settings\Veerabhadran\My Documents\Research\Psplines\Matlab_Progs\Constant Variance Function\functions\srs\grad2.m --> stat.tamu.edu /home/grad/veera/research/spline/pspline/paper/srs grad2.m
2002.06.05 16:22 B C:\Documents and Settings\Veerabhadran\My Documents\Research\Psplines\Matlab_Progs\Constant Variance Function\functions\srs\grad2.m% --> stat.tamu.edu /home/grad/veera/research/spline/pspline/paper/srs grad2.m%
2002.06.05 16:22 B C:\Documents and Settings\Veerabhadran\My Documents\Research\Psplines\Matlab_Progs\Constant Variance Function\functions\srs\hampelwt.m --> stat.tamu.edu /home/grad/veera/research/spline/pspline/paper/srs hampelwt.m
2002.06.05 16:22 B C:\Documents and Settings\Veerabhadran\My Documents\Research\Psplines\Matlab_Progs\Constant Variance Function\functions\srs\hessian.m --> stat.tamu.edu /home/grad/veera/research/spline/pspline/paper/srs hessian.m
2002.06.05 16:22 B C:\Documents and Settings\Veerabhadran\My Documents\Research\Psplines\Matlab_Progs\Constant Variance Function\functions\srs\hessian2.m --> stat.tamu.edu /home/grad/veera/research/spline/pspline/paper/srs hessian2.m
2002.06.05 16:22 B C:\Documents and Settings\Veerabhadran\My Documents\Research\Psplines\Matlab_Progs\Constant Variance Function\functions\srs\huber.m --> stat.tamu.edu /home/grad/veera/research/spline/pspline/paper/srs huber.m
2002.06.05 16:22 B C:\Documents and Settings\Veerabhadran\My Documents\Research\Psplines\Matlab_Progs\Constant Variance Function\functions\srs\hubersqr.m --> stat.tamu.edu /home/grad/veera/research/spline/pspline/paper/srs hubersqr.m
2002.06.05 16:22 B C:\Documents and Settings\Veerabhadran\My Documents\Research\Psplines\Matlab_Progs\Constant Variance Function\functions\srs\huberwt.m --> stat.tamu.edu /home/grad/veera/research/spline/pspline/paper/srs huberwt.m
2002.06.05 16:22 B C:\Documents and Settings\Veerabhadran\My Documents\Research\Psplines\Matlab_Progs\Constant Variance Function\functions\srs\interactgrid.m --> stat.tamu.edu /home/grad/veera/research/spline/pspline/paper/srs interactgrid.m
2002.06.05 16:22 B C:\Documents and Settings\Veerabhadran\My Documents\Research\Psplines\Matlab_Progs\Constant Variance Function\functions\srs\interactgrid.m% --> stat.tamu.edu /home/grad/veera/research/spline/pspline/paper/srs interactgrid.m%
2002.06.05 16:22 B C:\Documents and Settings\Veerabhadran\My Documents\Research\Psplines\Matlab_Progs\Constant Variance Function\functions\srs\kde.m --> stat.tamu.edu /home/grad/veera/research/spline/pspline/paper/srs kde.m
2002.06.05 16:22 B C:\Documents and Settings\Veerabhadran\My Documents\Research\Psplines\Matlab_Progs\Constant Variance Function\functions\srs\kde.m% --> stat.tamu.edu /home/grad/veera/research/spline/pspline/paper/srs kde.m%
2002.06.05 16:22 B C:\Documents and Settings\Veerabhadran\My Documents\Research\Psplines\Matlab_Progs\Constant Variance Function\functions\srs\kdew.m --> stat.tamu.edu /home/grad/veera/research/spline/pspline/paper/srs kdew.m
2002.06.05 16:22 B C:\Documents and Settings\Veerabhadran\My Documents\Research\Psplines\Matlab_Progs\Constant Variance Function\functions\srs\kdew.m% --> stat.tamu.edu /home/grad/veera/research/spline/pspline/paper/srs kdew.m%
2002.06.05 16:22 B C:\Documents and Settings\Veerabhadran\My Documents\Research\Psplines\Matlab_Progs\Constant Variance Function\functions\srs\kernel.m --> stat.tamu.edu /home/grad/veera/research/spline/pspline/paper/srs kernel.m
2002.06.05 16:22 B C:\Documents and Settings\Veerabhadran\My Documents\Research\Psplines\Matlab_Progs\Constant Variance Function\functions\srs\latinhc.m --> stat.tamu.edu /home/grad/veera/research/spline/pspline/paper/srs latinhc.m
2002.06.05 16:22 B C:\Documents and Settings\Veerabhadran\My Documents\Research\Psplines\Matlab_Progs\Constant Variance Function\functions\srs\latinhc.m% --> stat.tamu.edu /home/grad/veera/research/spline/pspline/paper/srs latinhc.m%
2002.06.05 16:22 B C:\Documents and Settings\Veerabhadran\My Documents\Research\Psplines\Matlab_Progs\Constant Variance Function\functions\srs\linregress.m --> stat.tamu.edu /home/grad/veera/research/spline/pspline/paper/srs linregress.m
2002.06.05 16:22 B C:\Documents and Settings\Veerabhadran\My Documents\Research\Psplines\Matlab_Progs\Constant Variance Function\functions\srs\linregress.m% --> stat.tamu.edu /home/grad/veera/research/spline/pspline/paper/srs linregress.m%
2002.06.05 16:22 B C:\Documents and Settings\Veerabhadran\My Documents\Research\Psplines\Matlab_Progs\Constant Variance Function\functions\srs\loccv.m --> stat.tamu.edu /home/grad/veera/research/spline/pspline/paper/srs loccv.m
2002.06.05 16:22 B C:\Documents and Settings\Veerabhadran\My Documents\Research\Psplines\Matlab_Progs\Constant Variance Function\functions\srs\loccv.m% --> stat.tamu.edu /home/grad/veera/research/spline/pspline/paper/srs loccv.m%
2002.06.05 16:22 B C:\Documents and Settings\Veerabhadran\My Documents\Research\Psplines\Matlab_Progs\Constant Variance Function\functions\srs\logistic.m --> stat.tamu.edu /home/grad/veera/research/spline/pspline/paper/srs logistic.m
2002.06.05 16:22 B C:\Documents and Settings\Veerabhadran\My Documents\Research\Psplines\Matlab_Progs\Constant Variance Function\functions\srs\logistic.m% --> stat.tamu.edu /home/grad/veera/research/spline/pspline/paper/srs logistic.m%
2002.06.05 16:22 B C:\Documents and Settings\Veerabhadran\My Documents\Research\Psplines\Matlab_Progs\Constant Variance Function\functions\srs\logit.m --> stat.tamu.edu /home/grad/veera/research/spline/pspline/paper/srs logit.m
2002.06.05 16:22 B C:\Documents and Settings\Veerabhadran\My Documents\Research\Psplines\Matlab_Progs\Constant Variance Function\functions\srs\logit.m% --> stat.tamu.edu /home/grad/veera/research/spline/pspline/paper/srs logit.m%
2002.06.05 16:22 B C:\Documents and Settings\Veerabhadran\My Documents\Research\Psplines\Matlab_Progs\Constant Variance Function\functions\srs\logitreg.m --> stat.tamu.edu /home/grad/veera/research/spline/pspline/paper/srs logitreg.m
2002.06.05 16:22 B C:\Documents and Settings\Veerabhadran\My Documents\Research\Psplines\Matlab_Progs\Constant Variance Function\functions\srs\logitreg.m% --> stat.tamu.edu /home/grad/veera/research/spline/pspline/paper/srs logitreg.m%
2002.06.05 16:22 B C:\Documents and Settings\Veerabhadran\My Documents\Research\Psplines\Matlab_Progs\Constant Variance Function\functions\srs\LogitReg01.m --> stat.tamu.edu /home/grad/veera/research/spline/pspline/paper/srs LogitReg01.m
2002.06.05 16:22 B C:\Documents and Settings\Veerabhadran\My Documents\Research\Psplines\Matlab_Progs\Constant Variance Function\functions\srs\LogSpl01.m --> stat.tamu.edu /home/grad/veera/research/spline/pspline/paper/srs LogSpl01.m
2002.06.05 16:22 B C:\Documents and Settings\Veerabhadran\My Documents\Research\Psplines\Matlab_Progs\Constant Variance Function\functions\srs\LogSpl01.m% --> stat.tamu.edu /home/grad/veera/research/spline/pspline/paper/srs LogSpl01.m%
2002.06.05 16:22 B C:\Documents and Settings\Veerabhadran\My Documents\Research\Psplines\Matlab_Progs\Constant Variance Function\functions\srs\lpoly.zip --> stat.tamu.edu /home/grad/veera/research/spline/pspline/paper/srs lpoly.zip
2002.06.05 16:22 B C:\Documents and Settings\Veerabhadran\My Documents\Research\Psplines\Matlab_Progs\Constant Variance Function\functions\srs\lpwt.m --> stat.tamu.edu /home/grad/veera/research/spline/pspline/paper/srs lpwt.m
2002.06.05 16:22 B C:\Documents and Settings\Veerabhadran\My Documents\Research\Psplines\Matlab_Progs\Constant Variance Function\functions\srs\mad.m --> stat.tamu.edu /home/grad/veera/research/spline/pspline/paper/srs mad.m
2002.06.05 16:22 B C:\Documents and Settings\Veerabhadran\My Documents\Research\Psplines\Matlab_Progs\Constant Variance Function\functions\srs\maxlik.m --> stat.tamu.edu /home/grad/veera/research/spline/pspline/paper/srs maxlik.m
2002.06.05 16:22 B C:\Documents and Settings\Veerabhadran\My Documents\Research\Psplines\Matlab_Progs\Constant Variance Function\functions\srs\maxlik.m% --> stat.tamu.edu /home/grad/veera/research/spline/pspline/paper/srs maxlik.m%
2002.06.05 16:22 B C:\Documents and Settings\Veerabhadran\My Documents\Research\Psplines\Matlab_Progs\Constant Variance Function\functions\srs\maxlik2.m --> stat.tamu.edu /home/grad/veera/research/spline/pspline/paper/srs maxlik2.m
2002.06.05 16:22 B C:\Documents and Settings\Veerabhadran\My Documents\Research\Psplines\Matlab_Progs\Constant Variance Function\functions\srs\minband.m --> stat.tamu.edu /home/grad/veera/research/spline/pspline/paper/srs minband.m
2002.06.05 16:22 B C:\Documents and Settings\Veerabhadran\My Documents\Research\Psplines\Matlab_Progs\Constant Variance Function\functions\srs\mmarron.m --> stat.tamu.edu /home/grad/veera/research/spline/pspline/paper/srs mmarron.m
2002.06.05 16:22 B C:\Documents and Settings\Veerabhadran\My Documents\Research\Psplines\Matlab_Progs\Constant Variance Function\functions\srs\muk.m --> stat.tamu.edu /home/grad/veera/research/spline/pspline/paper/srs muk.m
2002.06.05 16:22 B C:\Documents and Settings\Veerabhadran\My Documents\Research\Psplines\Matlab_Progs\Constant Variance Function\functions\srs\MultBC01.m --> stat.tamu.edu /home/grad/veera/research/spline/pspline/paper/srs MultBC01.m
2002.06.05 16:22 B C:\Documents and Settings\Veerabhadran\My Documents\Research\Psplines\Matlab_Progs\Constant Variance Function\functions\srs\MultBC01.m% --> stat.tamu.edu /home/grad/veera/research/spline/pspline/paper/srs MultBC01.m%
2002.06.05 16:22 B C:\Documents and Settings\Veerabhadran\My Documents\Research\Psplines\Matlab_Progs\Constant Variance Function\functions\srs\MultBCLik.m --> stat.tamu.edu /home/grad/veera/research/spline/pspline/paper/srs MultBCLik.m
2002.06.05 16:22 B C:\Documents and Settings\Veerabhadran\My Documents\Research\Psplines\Matlab_Progs\Constant Variance Function\functions\srs\MultBCLik.m% --> stat.tamu.edu /home/grad/veera/research/spline/pspline/paper/srs MultBCLik.m%
2002.06.05 16:22 B C:\Documents and Settings\Veerabhadran\My Documents\Research\Psplines\Matlab_Progs\Constant Variance Function\functions\srs\my.ps --> stat.tamu.edu /home/grad/veera/research/spline/pspline/paper/srs my.ps
2002.06.05 16:22 B C:\Documents and Settings\Veerabhadran\My Documents\Research\Psplines\Matlab_Progs\Constant Variance Function\functions\srs\new_ASR.m --> stat.tamu.edu /home/grad/veera/research/spline/pspline/paper/srs new_ASR.m
2002.06.05 16:22 B C:\Documents and Settings\Veerabhadran\My Documents\Research\Psplines\Matlab_Progs\Constant Variance Function\functions\srs\new_data.m --> stat.tamu.edu /home/grad/veera/research/spline/pspline/paper/srs new_data.m
2002.06.05 16:22 B C:\Documents and Settings\Veerabhadran\My Documents\Research\Psplines\Matlab_Progs\Constant Variance Function\functions\srs\new_GCV.m --> stat.tamu.edu /home/grad/veera/research/spline/pspline/paper/srs new_GCV.m
2002.06.05 16:22 B C:\Documents and Settings\Veerabhadran\My Documents\Research\Psplines\Matlab_Progs\Constant Variance Function\functions\srs\nk.m --> stat.tamu.edu /home/grad/veera/research/spline/pspline/paper/srs nk.m
2002.06.05 16:22 B C:\Documents and Settings\Veerabhadran\My Documents\Research\Psplines\Matlab_Progs\Constant Variance Function\functions\srs\nlin.m --> stat.tamu.edu /home/grad/veera/research/spline/pspline/paper/srs nlin.m
2002.06.05 16:22 B C:\Documents and Settings\Veerabhadran\My Documents\Research\Psplines\Matlab_Progs\Constant Variance Function\functions\srs\nlin2.m --> stat.tamu.edu /home/grad/veera/research/spline/pspline/paper/srs nlin2.m
2002.06.05 16:22 B C:\Documents and Settings\Veerabhadran\My Documents\Research\Psplines\Matlab_Progs\Constant Variance Function\functions\srs\nlin2.m% --> stat.tamu.edu /home/grad/veera/research/spline/pspline/paper/srs nlin2.m%
2002.06.05 16:22 B C:\Documents and Settings\Veerabhadran\My Documents\Research\Psplines\Matlab_Progs\Constant Variance Function\functions\srs\normden.m --> stat.tamu.edu /home/grad/veera/research/spline/pspline/paper/srs normden.m
2002.06.05 16:22 B C:\Documents and Settings\Veerabhadran\My Documents\Research\Psplines\Matlab_Progs\Constant Variance Function\functions\srs\normden.m% --> stat.tamu.edu /home/grad/veera/research/spline/pspline/paper/srs normden.m%
2002.06.05 16:22 B C:\Documents and Settings\Veerabhadran\My Documents\Research\Psplines\Matlab_Progs\Constant Variance Function\functions\srs\pdfmn.m --> stat.tamu.edu /home/grad/veera/research/spline/pspline/paper/srs pdfmn.m
2002.06.05 16:22 B C:\Documents and Settings\Veerabhadran\My Documents\Research\Psplines\Matlab_Progs\Constant Variance Function\functions\srs\pdfn.m --> stat.tamu.edu /home/grad/veera/research/spline/pspline/paper/srs pdfn.m
2002.06.05 16:22 B C:\Documents and Settings\Veerabhadran\My Documents\Research\Psplines\Matlab_Progs\Constant Variance Function\functions\srs\pdfpois.m --> stat.tamu.edu /home/grad/veera/research/spline/pspline/paper/srs pdfpois.m
2002.06.05 16:22 B C:\Documents and Settings\Veerabhadran\My Documents\Research\Psplines\Matlab_Progs\Constant Variance Function\functions\srs\pdft.m --> stat.tamu.edu /home/grad/veera/research/spline/pspline/paper/srs pdft.m
2002.06.05 16:22 B C:\Documents and Settings\Veerabhadran\My Documents\Research\Psplines\Matlab_Progs\Constant Variance Function\functions\srs\piece.m --> stat.tamu.edu /home/grad/veera/research/spline/pspline/paper/srs piece.m
2002.06.05 16:22 B C:\Documents and Settings\Veerabhadran\My Documents\Research\Psplines\Matlab_Progs\Constant Variance Function\functions\srs\piece.m% --> stat.tamu.edu /home/grad/veera/research/spline/pspline/paper/srs piece.m%
2002.06.05 16:22 B C:\Documents and Settings\Veerabhadran\My Documents\Research\Psplines\Matlab_Progs\Constant Variance Function\functions\srs\polyreg.m --> stat.tamu.edu /home/grad/veera/research/spline/pspline/paper/srs polyreg.m
2002.06.05 16:22 B C:\Documents and Settings\Veerabhadran\My Documents\Research\Psplines\Matlab_Progs\Constant Variance Function\functions\srs\polyreg.m% --> stat.tamu.edu /home/grad/veera/research/spline/pspline/paper/srs polyreg.m%
2002.06.05 16:22 B C:\Documents and Settings\Veerabhadran\My Documents\Research\Psplines\Matlab_Progs\Constant Variance Function\functions\srs\powerbasis.m --> stat.tamu.edu /home/grad/veera/research/spline/pspline/paper/srs powerbasis.m
2002.06.05 16:22 B C:\Documents and Settings\Veerabhadran\My Documents\Research\Psplines\Matlab_Progs\Constant Variance Function\functions\srs\powerbasis01.m --> stat.tamu.edu /home/grad/veera/research/spline/pspline/paper/srs powerbasis01.m
2002.06.05 16:22 B C:\Documents and Settings\Veerabhadran\My Documents\Research\Psplines\Matlab_Progs\Constant Variance Function\functions\srs\powerbasis01.m% --> stat.tamu.edu /home/grad/veera/research/spline/pspline/paper/srs powerbasis01.m%
2002.06.05 16:22 B C:\Documents and Settings\Veerabhadran\My Documents\Research\Psplines\Matlab_Progs\Constant Variance Function\functions\srs\prebin.m --> stat.tamu.edu /home/grad/veera/research/spline/pspline/paper/srs prebin.m
2002.06.05 16:22 B C:\Documents and Settings\Veerabhadran\My Documents\Research\Psplines\Matlab_Progs\Constant Variance Function\functions\srs\prebin.m% --> stat.tamu.edu /home/grad/veera/research/spline/pspline/paper/srs prebin.m%
2002.06.05 16:22 B C:\Documents and Settings\Veerabhadran\My Documents\Research\Psplines\Matlab_Progs\Constant Variance Function\functions\srs\prebin2.m --> stat.tamu.edu /home/grad/veera/research/spline/pspline/paper/srs prebin2.m
2002.06.05 16:22 B C:\Documents and Settings\Veerabhadran\My Documents\Research\Psplines\Matlab_Progs\Constant Variance Function\functions\srs\Pspglband01.m --> stat.tamu.edu /home/grad/veera/research/spline/pspline/paper/srs Pspglband01.m
2002.06.05 16:22 B C:\Documents and Settings\Veerabhadran\My Documents\Research\Psplines\Matlab_Progs\Constant Variance Function\functions\srs\Pspglband01.m% --> stat.tamu.edu /home/grad/veera/research/spline/pspline/paper/srs Pspglband01.m%
2002.06.05 16:22 B C:\Documents and Settings\Veerabhadran\My Documents\Research\Psplines\Matlab_Progs\Constant Variance Function\functions\srs\PsplineDR01.m --> stat.tamu.edu /home/grad/veera/research/spline/pspline/paper/srs PsplineDR01.m
2002.06.05 16:22 B C:\Documents and Settings\Veerabhadran\My Documents\Research\Psplines\Matlab_Progs\Constant Variance Function\functions\srs\PsplineDR01.m% --> stat.tamu.edu /home/grad/veera/research/spline/pspline/paper/srs PsplineDR01.m%
2002.06.05 16:22 B C:\Documents and Settings\Veerabhadran\My Documents\Research\Psplines\Matlab_Progs\Constant Variance Function\functions\srs\PsplineDR02.m --> stat.tamu.edu /home/grad/veera/research/spline/pspline/paper/srs PsplineDR02.m
2002.06.05 16:22 B C:\Documents and Settings\Veerabhadran\My Documents\Research\Psplines\Matlab_Progs\Constant Variance Function\functions\srs\PsplineDR02.m% --> stat.tamu.edu /home/grad/veera/research/spline/pspline/paper/srs PsplineDR02.m%
2002.06.05 16:22 B C:\Documents and Settings\Veerabhadran\My Documents\Research\Psplines\Matlab_Progs\Constant Variance Function\functions\srs\PsplineDR03.m --> stat.tamu.edu /home/grad/veera/research/spline/pspline/paper/srs PsplineDR03.m
2002.06.05 16:22 B C:\Documents and Settings\Veerabhadran\My Documents\Research\Psplines\Matlab_Progs\Constant Variance Function\functions\srs\PsplineDR03.m% --> stat.tamu.edu /home/grad/veera/research/spline/pspline/paper/srs PsplineDR03.m%
2002.06.05 16:22 B C:\Documents and Settings\Veerabhadran\My Documents\Research\Psplines\Matlab_Progs\Constant Variance Function\functions\srs\qmtx.m --> stat.tamu.edu /home/grad/veera/research/spline/pspline/paper/srs qmtx.m
2002.06.05 16:22 B C:\Documents and Settings\Veerabhadran\My Documents\Research\Psplines\Matlab_Progs\Constant Variance Function\functions\srs\quantileknots.m --> stat.tamu.edu /home/grad/veera/research/spline/pspline/paper/srs quantileknots.m
2002.06.05 16:22 B C:\Documents and Settings\Veerabhadran\My Documents\Research\Psplines\Matlab_Progs\Constant Variance Function\functions\srs\quantileknots.m% --> stat.tamu.edu /home/grad/veera/research/spline/pspline/paper/srs quantileknots.m%
2002.06.05 16:22 B C:\Documents and Settings\Veerabhadran\My Documents\Research\Psplines\Matlab_Progs\Constant Variance Function\functions\srs\radfn.m --> stat.tamu.edu /home/grad/veera/research/spline/pspline/paper/srs radfn.m
2002.06.05 16:22 B C:\Documents and Settings\Veerabhadran\My Documents\Research\Psplines\Matlab_Progs\Constant Variance Function\functions\srs\radfn.m% --> stat.tamu.edu /home/grad/veera/research/spline/pspline/paper/srs radfn.m%
2002.06.05 16:22 B C:\Documents and Settings\Veerabhadran\My Documents\Research\Psplines\Matlab_Progs\Constant Variance Function\functions\srs\randgam.m --> stat.tamu.edu /home/grad/veera/research/spline/pspline/paper/srs randgam.m
2002.06.05 16:22 B C:\Documents and Settings\Veerabhadran\My Documents\Research\Psplines\Matlab_Progs\Constant Variance Function\functions\srs\randt.m --> stat.tamu.edu /home/grad/veera/research/spline/pspline/paper/srs randt.m
2002.06.05 16:22 B C:\Documents and Settings\Veerabhadran\My Documents\Research\Psplines\Matlab_Progs\Constant Variance Function\functions\srs\ranks.m --> stat.tamu.edu /home/grad/veera/research/spline/pspline/paper/srs ranks.m
2002.06.05 16:22 B C:\Documents and Settings\Veerabhadran\My Documents\Research\Psplines\Matlab_Progs\Constant Variance Function\functions\srs\ranks.m% --> stat.tamu.edu /home/grad/veera/research/spline/pspline/paper/srs ranks.m%
2002.06.05 16:22 B C:\Documents and Settings\Veerabhadran\My Documents\Research\Psplines\Matlab_Progs\Constant Variance Function\functions\srs\regspline.m --> stat.tamu.edu /home/grad/veera/research/spline/pspline/paper/srs regspline.m
2002.06.05 16:22 B C:\Documents and Settings\Veerabhadran\My Documents\Research\Psplines\Matlab_Progs\Constant Variance Function\functions\srs\regspline.m% --> stat.tamu.edu /home/grad/veera/research/spline/pspline/paper/srs regspline.m%
2002.06.05 16:22 B C:\Documents and Settings\Veerabhadran\My Documents\Research\Psplines\Matlab_Progs\Constant Variance Function\functions\srs\rk.m --> stat.tamu.edu /home/grad/veera/research/spline/pspline/paper/srs rk.m
2002.06.05 16:22 B C:\Documents and Settings\Veerabhadran\My Documents\Research\Psplines\Matlab_Progs\Constant Variance Function\functions\srs\roundd.m --> stat.tamu.edu /home/grad/veera/research/spline/pspline/paper/srs roundd.m
2002.06.05 16:22 B C:\Documents and Settings\Veerabhadran\My Documents\Research\Psplines\Matlab_Progs\Constant Variance Function\functions\srs\roundd.m% --> stat.tamu.edu /home/grad/veera/research/spline/pspline/paper/srs roundd.m%
2002.06.05 16:22 B C:\Documents and Settings\Veerabhadran\My Documents\Research\Psplines\Matlab_Progs\Constant Variance Function\functions\srs\rounddigit.m --> stat.tamu.edu /home/grad/veera/research/spline/pspline/paper/srs rounddigit.m
2002.06.05 16:22 B C:\Documents and Settings\Veerabhadran\My Documents\Research\Psplines\Matlab_Progs\Constant Variance Function\functions\srs\rounddigit.m% --> stat.tamu.edu /home/grad/veera/research/spline/pspline/paper/srs rounddigit.m%
2002.06.05 16:22 B C:\Documents and Settings\Veerabhadran\My Documents\Research\Psplines\Matlab_Progs\Constant Variance Function\functions\srs\rows.m --> stat.tamu.edu /home/grad/veera/research/spline/pspline/paper/srs rows.m
2002.06.05 16:22 B C:\Documents and Settings\Veerabhadran\My Documents\Research\Psplines\Matlab_Progs\Constant Variance Function\functions\srs\smooth.m --> stat.tamu.edu /home/grad/veera/research/spline/pspline/paper/srs smooth.m
2002.06.05 16:22 B C:\Documents and Settings\Veerabhadran\My Documents\Research\Psplines\Matlab_Progs\Constant Variance Function\functions\srs\sortc.m --> stat.tamu.edu /home/grad/veera/research/spline/pspline/paper/srs sortc.m
2002.06.05 16:22 B C:\Documents and Settings\Veerabhadran\My Documents\Research\Psplines\Matlab_Progs\Constant Variance Function\functions\srs\spam.m --> stat.tamu.edu /home/grad/veera/research/spline/pspline/paper/srs spam.m
2002.06.05 16:22 B C:\Documents and Settings\Veerabhadran\My Documents\Research\Psplines\Matlab_Progs\Constant Variance Function\functions\srs\spam.m% --> stat.tamu.edu /home/grad/veera/research/spline/pspline/paper/srs spam.m%
2002.06.05 16:22 B C:\Documents and Settings\Veerabhadran\My Documents\Research\Psplines\Matlab_Progs\Constant Variance Function\functions\srs\spline.m --> stat.tamu.edu /home/grad/veera/research/spline/pspline/paper/srs spline.m
2002.06.05 16:22 B C:\Documents and Settings\Veerabhadran\My Documents\Research\Psplines\Matlab_Progs\Constant Variance Function\functions\srs\spline_hogan.m --> stat.tamu.edu /home/grad/veera/research/spline/pspline/paper/srs spline_hogan.m
2002.06.05 16:22 B C:\Documents and Settings\Veerabhadran\My Documents\Research\Psplines\Matlab_Progs\Constant Variance Function\functions\srs\spline_hogan.m% --> stat.tamu.edu /home/grad/veera/research/spline/pspline/paper/srs spline_hogan.m%
2002.06.05 16:22 B C:\Documents and Settings\Veerabhadran\My Documents\Research\Psplines\Matlab_Progs\Constant Variance Function\functions\srs\srs01.m --> stat.tamu.edu /home/grad/veera/research/spline/pspline/paper/srs srs01.m
2002.06.05 16:22 B C:\Documents and Settings\Veerabhadran\My Documents\Research\Psplines\Matlab_Progs\Constant Variance Function\functions\srs\srs2ndder.m --> stat.tamu.edu /home/grad/veera/research/spline/pspline/paper/srs srs2ndder.m
2002.06.05 16:22 B C:\Documents and Settings\Veerabhadran\My Documents\Research\Psplines\Matlab_Progs\Constant Variance Function\functions\srs\srsaddm01.m --> stat.tamu.edu /home/grad/veera/research/spline/pspline/paper/srs srsaddm01.m
2002.06.05 16:22 B C:\Documents and Settings\Veerabhadran\My Documents\Research\Psplines\Matlab_Progs\Constant Variance Function\functions\srs\srsaddm01.m% --> stat.tamu.edu /home/grad/veera/research/spline/pspline/paper/srs srsaddm01.m%
2002.06.05 16:22 B C:\Documents and Settings\Veerabhadran\My Documents\Research\Psplines\Matlab_Progs\Constant Variance Function\functions\srs\srsaddm02.m --> stat.tamu.edu /home/grad/veera/research/spline/pspline/paper/srs srsaddm02.m
2002.06.05 16:22 B C:\Documents and Settings\Veerabhadran\My Documents\Research\Psplines\Matlab_Progs\Constant Variance Function\functions\srs\srsaddm02.m% --> stat.tamu.edu /home/grad/veera/research/spline/pspline/paper/srs srsaddm02.m%
2002.06.05 16:22 B C:\Documents and Settings\Veerabhadran\My Documents\Research\Psplines\Matlab_Progs\Constant Variance Function\functions\srs\srsauto01.m --> stat.tamu.edu /home/grad/veera/research/spline/pspline/paper/srs srsauto01.m
2002.06.05 16:22 B C:\Documents and Settings\Veerabhadran\My Documents\Research\Psplines\Matlab_Progs\Constant Variance Function\functions\srs\srsauto01.m% --> stat.tamu.edu /home/grad/veera/research/spline/pspline/paper/srs srsauto01.m%
2002.06.05 16:22 B C:\Documents and Settings\Veerabhadran\My Documents\Research\Psplines\Matlab_Progs\Constant Variance Function\functions\srs\srsauto02.m --> stat.tamu.edu /home/grad/veera/research/spline/pspline/paper/srs srsauto02.m
2002.06.05 16:22 B C:\Documents and Settings\Veerabhadran\My Documents\Research\Psplines\Matlab_Progs\Constant Variance Function\functions\srs\srsauto02.m% --> stat.tamu.edu /home/grad/veera/research/spline/pspline/paper/srs srsauto02.m%
2002.06.05 16:22 B C:\Documents and Settings\Veerabhadran\My Documents\Research\Psplines\Matlab_Progs\Constant Variance Function\functions\srs\srsBayEiv01.m --> stat.tamu.edu /home/grad/veera/research/spline/pspline/paper/srs srsBayEiv01.m
2002.06.05 16:22 B C:\Documents and Settings\Veerabhadran\My Documents\Research\Psplines\Matlab_Progs\Constant Variance Function\functions\srs\srsBayEiv01.m% --> stat.tamu.edu /home/grad/veera/research/spline/pspline/paper/srs srsBayEiv01.m%
2002.06.05 16:22 B C:\Documents and Settings\Veerabhadran\My Documents\Research\Psplines\Matlab_Progs\Constant Variance Function\functions\srs\srsbayes01.m --> stat.tamu.edu /home/grad/veera/research/spline/pspline/paper/srs srsbayes01.m
2002.06.05 16:22 B C:\Documents and Settings\Veerabhadran\My Documents\Research\Psplines\Matlab_Progs\Constant Variance Function\functions\srs\srsbayes01.m% --> stat.tamu.edu /home/grad/veera/research/spline/pspline/paper/srs srsbayes01.m%
2002.06.05 16:22 B C:\Documents and Settings\Veerabhadran\My Documents\Research\Psplines\Matlab_Progs\Constant Variance Function\functions\srs\srsbi.m --> stat.tamu.edu /home/grad/veera/research/spline/pspline/paper/srs srsbi.m
2002.06.05 16:22 B C:\Documents and Settings\Veerabhadran\My Documents\Research\Psplines\Matlab_Progs\Constant Variance Function\functions\srs\srscv.m --> stat.tamu.edu /home/grad/veera/research/spline/pspline/paper/srs srscv.m
2002.06.05 16:22 B C:\Documents and Settings\Veerabhadran\My Documents\Research\Psplines\Matlab_Progs\Constant Variance Function\functions\srs\srsdensity.m --> stat.tamu.edu /home/grad/veera/research/spline/pspline/paper/srs srsdensity.m
2002.06.05 16:22 B C:\Documents and Settings\Veerabhadran\My Documents\Research\Psplines\Matlab_Progs\Constant Variance Function\functions\srs\srsfixedpen.m --> stat.tamu.edu /home/grad/veera/research/spline/pspline/paper/srs srsfixedpen.m
2002.06.05 16:22 B C:\Documents and Settings\Veerabhadran\My Documents\Research\Psplines\Matlab_Progs\Constant Variance Function\functions\srs\srsinteract.m --> stat.tamu.edu /home/grad/veera/research/spline/pspline/paper/srs srsinteract.m
2002.06.05 16:22 B C:\Documents and Settings\Veerabhadran\My Documents\Research\Psplines\Matlab_Progs\Constant Variance Function\functions\srs\srsinvg.m --> stat.tamu.edu /home/grad/veera/research/spline/pspline/paper/srs srsinvg.m
2002.06.05 16:22 B C:\Documents and Settings\Veerabhadran\My Documents\Research\Psplines\Matlab_Progs\Constant Variance Function\functions\srs\srsknots.m --> stat.tamu.edu /home/grad/veera/research/spline/pspline/paper/srs srsknots.m
2002.06.05 16:22 B C:\Documents and Settings\Veerabhadran\My Documents\Research\Psplines\Matlab_Progs\Constant Variance Function\functions\srs\srslocal.m --> stat.tamu.edu /home/grad/veera/research/spline/pspline/paper/srs srslocal.m
2002.06.05 16:22 B C:\Documents and Settings\Veerabhadran\My Documents\Research\Psplines\Matlab_Progs\Constant Variance Function\functions\srs\srslocal.m% --> stat.tamu.edu /home/grad/veera/research/spline/pspline/paper/srs srslocal.m%
2002.06.05 16:22 B C:\Documents and Settings\Veerabhadran\My Documents\Research\Psplines\Matlab_Progs\Constant Variance Function\functions\srs\srslocalauto.m --> stat.tamu.edu /home/grad/veera/research/spline/pspline/paper/srs srslocalauto.m
2002.06.05 16:22 B C:\Documents and Settings\Veerabhadran\My Documents\Research\Psplines\Matlab_Progs\Constant Variance Function\functions\srs\srslocalauto.m% --> stat.tamu.edu /home/grad/veera/research/spline/pspline/paper/srs srslocalauto.m%
2002.06.05 16:22 B C:\Documents and Settings\Veerabhadran\My Documents\Research\Psplines\Matlab_Progs\Constant Variance Function\functions\srs\srslp01.m --> stat.tamu.edu /home/grad/veera/research/spline/pspline/paper/srs srslp01.m
2002.06.05 16:22 B C:\Documents and Settings\Veerabhadran\My Documents\Research\Psplines\Matlab_Progs\Constant Variance Function\functions\srs\srslp01.m% --> stat.tamu.edu /home/grad/veera/research/spline/pspline/paper/srs srslp01.m%
2002.06.05 16:22 B C:\Documents and Settings\Veerabhadran\My Documents\Research\Psplines\Matlab_Progs\Constant Variance Function\functions\srs\srslpauto.m --> stat.tamu.edu /home/grad/veera/research/spline/pspline/paper/srs srslpauto.m
2002.06.05 16:22 B C:\Documents and Settings\Veerabhadran\My Documents\Research\Psplines\Matlab_Progs\Constant Variance Function\functions\srs\tent.m --> stat.tamu.edu /home/grad/veera/research/spline/pspline/paper/srs tent.m
2002.06.05 16:22 B C:\Documents and Settings\Veerabhadran\My Documents\Research\Psplines\Matlab_Progs\Constant Variance Function\functions\srs\test.m% --> stat.tamu.edu /home/grad/veera/research/spline/pspline/paper/srs test.m%
2002.06.05 16:22 B C:\Documents and Settings\Veerabhadran\My Documents\Research\Psplines\Matlab_Progs\Constant Variance Function\functions\srs\testlatinhc.m --> stat.tamu.edu /home/grad/veera/research/spline/pspline/paper/srs testlatinhc.m
2002.06.05 16:22 B C:\Documents and Settings\Veerabhadran\My Documents\Research\Psplines\Matlab_Progs\Constant Variance Function\functions\srs\testlatinhc.m% --> stat.tamu.edu /home/grad/veera/research/spline/pspline/paper/srs testlatinhc.m%
2002.06.05 16:22 B C:\Documents and Settings\Veerabhadran\My Documents\Research\Psplines\Matlab_Progs\Constant Variance Function\functions\srs\testloccv.m --> stat.tamu.edu /home/grad/veera/research/spline/pspline/paper/srs testloccv.m
2002.06.05 16:22 B C:\Documents and Settings\Veerabhadran\My Documents\Research\Psplines\Matlab_Progs\Constant Variance Function\functions\srs\testloccv.m% --> stat.tamu.edu /home/grad/veera/research/spline/pspline/paper/srs testloccv.m%
2002.06.05 16:22 B C:\Documents and Settings\Veerabhadran\My Documents\Research\Psplines\Matlab_Progs\Constant Variance Function\functions\srs\testnormden.m --> stat.tamu.edu /home/grad/veera/research/spline/pspline/paper/srs testnormden.m
2002.06.05 16:22 B C:\Documents and Settings\Veerabhadran\My Documents\Research\Psplines\Matlab_Progs\Constant Variance Function\functions\srs\testnormden.m% --> stat.tamu.edu /home/grad/veera/research/spline/pspline/paper/srs testnormden.m%
2002.06.05 16:22 B C:\Documents and Settings\Veerabhadran\My Documents\Research\Psplines\Matlab_Progs\Constant Variance Function\functions\srs\testspline.m --> stat.tamu.edu /home/grad/veera/research/spline/pspline/paper/srs testspline.m
2002.06.05 16:22 B C:\Documents and Settings\Veerabhadran\My Documents\Research\Psplines\Matlab_Progs\Constant Variance Function\functions\srs\testspline.m% --> stat.tamu.edu /home/grad/veera/research/spline/pspline/paper/srs testspline.m%
2002.06.05 16:22 B C:\Documents and Settings\Veerabhadran\My Documents\Research\Psplines\Matlab_Progs\Constant Variance Function\functions\srs\text --> stat.tamu.edu /home/grad/veera/research/spline/pspline/paper/srs text
2002.06.05 16:22 B C:\Documents and Settings\Veerabhadran\My Documents\Research\Psplines\Matlab_Progs\Constant Variance Function\functions\srs\turbo.m --> stat.tamu.edu /home/grad/veera/research/spline/pspline/paper/srs turbo.m
2002.06.05 16:22 B C:\Documents and Settings\Veerabhadran\My Documents\Research\Psplines\Matlab_Progs\Constant Variance Function\functions\srs\turbo.m% --> stat.tamu.edu /home/grad/veera/research/spline/pspline/paper/srs turbo.m%
2002.06.05 16:23 B C:\Documents and Settings\Veerabhadran\My Documents\Research\Psplines\Matlab_Progs\Constant Variance Function\functions\srs\unirmle01.m --> stat.tamu.edu /home/grad/veera/research/spline/pspline/paper/srs unirmle01.m
2002.06.05 16:23 B C:\Documents and Settings\Veerabhadran\My Documents\Research\Psplines\Matlab_Progs\Constant Variance Function\functions\srs\unirmle01.m% --> stat.tamu.edu /home/grad/veera/research/spline/pspline/paper/srs unirmle01.m%
2002.06.05 16:23 B C:\Documents and Settings\Veerabhadran\My Documents\Research\Psplines\Matlab_Progs\Constant Variance Function\functions\srs\xlabelg.m --> stat.tamu.edu /home/grad/veera/research/spline/pspline/paper/srs xlabelg.m
2002.06.05 16:23 B C:\Documents and Settings\Veerabhadran\My Documents\Research\Psplines\Matlab_Progs\Constant Variance Function\functions\srs\ylabelg.m --> stat.tamu.edu /home/grad/veera/research/spline/pspline/paper/srs ylabelg.m
2002.06.05 16:23 B C:\Documents and Settings\Veerabhadran\My Documents\Research\Psplines\Matlab_Progs\Constant Variance Function\functions\srs\ylabelg.m% --> stat.tamu.edu /home/grad/veera/research/spline/pspline/paper/srs ylabelg.m%
